// Jest Snapshot v1, https://goo.gl/fbAQLP

exports[`<Modal /> Should match snapshot 1`] = `
Object {
  "asFragment": [Function],
  "baseElement": <body>
    <div>
      <div
        class="sc-gKckTs hxdzqV"
      >
        <div
          class="sc-iCfLBT bzdGJp"
        >
          <img
            class="sc-pVTma fpCxsv"
            src="images/header.jpg"
          />
          <div
            class="sc-furvIG fSdGQK"
          >
            <h1
              class="sc-dkPtyc cjJKLj"
              data-testid="modal-title"
            >
              Basic title
            </h1>
            <span
              class="sc-gsDJrp gvaAwY"
            />
            <p
              class="sc-eCImvq dQlTUo"
              data-testid="modal-content"
            >
              Basic content
            </p>
            <span
              class="sc-gsDJrp jEEgNF"
            />
            <button
              class="sc-bdvvaa bjJSUn"
            >
              OK, close
            </button>
          </div>
        </div>
      </div>
    </div>
  </body>,
  "container": <div>
    <div
      class="sc-gKckTs hxdzqV"
    >
      <div
        class="sc-iCfLBT bzdGJp"
      >
        <img
          class="sc-pVTma fpCxsv"
          src="images/header.jpg"
        />
        <div
          class="sc-furvIG fSdGQK"
        >
          <h1
            class="sc-dkPtyc cjJKLj"
            data-testid="modal-title"
          >
            Basic title
          </h1>
          <span
            class="sc-gsDJrp gvaAwY"
          />
          <p
            class="sc-eCImvq dQlTUo"
            data-testid="modal-content"
          >
            Basic content
          </p>
          <span
            class="sc-gsDJrp jEEgNF"
          />
          <button
            class="sc-bdvvaa bjJSUn"
          >
            OK, close
          </button>
        </div>
      </div>
    </div>
  </div>,
  "debug": [Function],
  "findAllByAltText": [Function],
  "findAllByDisplayValue": [Function],
  "findAllByLabelText": [Function],
  "findAllByPlaceholderText": [Function],
  "findAllByRole": [Function],
  "findAllByTestId": [Function],
  "findAllByText": [Function],
  "findAllByTitle": [Function],
  "findByAltText": [Function],
  "findByDisplayValue": [Function],
  "findByLabelText": [Function],
  "findByPlaceholderText": [Function],
  "findByRole": [Function],
  "findByTestId": [Function],
  "findByText": [Function],
  "findByTitle": [Function],
  "getAllByAltText": [Function],
  "getAllByDisplayValue": [Function],
  "getAllByLabelText": [Function],
  "getAllByPlaceholderText": [Function],
  "getAllByRole": [Function],
  "getAllByTestId": [Function],
  "getAllByText": [Function],
  "getAllByTitle": [Function],
  "getByAltText": [Function],
  "getByDisplayValue": [Function],
  "getByLabelText": [Function],
  "getByPlaceholderText": [Function],
  "getByRole": [Function],
  "getByTestId": [Function],
  "getByText": [Function],
  "getByTitle": [Function],
  "queryAllByAltText": [Function],
  "queryAllByDisplayValue": [Function],
  "queryAllByLabelText": [Function],
  "queryAllByPlaceholderText": [Function],
  "queryAllByRole": [Function],
  "queryAllByTestId": [Function],
  "queryAllByText": [Function],
  "queryAllByTitle": [Function],
  "queryByAltText": [Function],
  "queryByDisplayValue": [Function],
  "queryByLabelText": [Function],
  "queryByPlaceholderText": [Function],
  "queryByRole": [Function],
  "queryByTestId": [Function],
  "queryByText": [Function],
  "queryByTitle": [Function],
  "rerender": [Function],
  "unmount": [Function],
}
`;
