// Jest Snapshot v1, https://goo.gl/fbAQLP

exports[`<CalculatorResult /> Should match snapshot 1`] = `
Object {
  "asFragment": [Function],
  "baseElement": <body>
    <div>
      <h1
        class="sc-hKwCoD gjxRVc"
      >
        Você receberá:
      </h1>
      <hr
        class="sc-bdvvaa gnjgvW"
      />
      <hr
        class="sc-gsDJrp JzKSc"
      />
      <p
        class="sc-jRQAMF jcTbXm"
        data-testid="result-row"
      >
        <span>
          Amanhã
          :
        </span>
         
        <br />
        <em
          class="sc-gKckTs gRhrMD"
        >
          R$ 3.000,00
        </em>
      </p>
      <p
        class="sc-jRQAMF jcTbXm"
        data-testid="result-row"
      >
        <span>
          Em 15 dias
          :
        </span>
         
        <br />
        <em
          class="sc-gKckTs gRhrMD"
        >
          R$ 3.050,00
        </em>
      </p>
      <p
        class="sc-jRQAMF jcTbXm"
        data-testid="result-row"
      >
        <span>
          Em 30 dias
          :
        </span>
         
        <br />
        <em
          class="sc-gKckTs gRhrMD"
        >
          R$ 4.000,00
        </em>
      </p>
      <p
        class="sc-jRQAMF jcTbXm"
        data-testid="result-row"
      >
        <span>
          Em 90 dias
          :
        </span>
         
        <br />
        <em
          class="sc-gKckTs gRhrMD"
        >
          R$ 5.000,00
        </em>
      </p>
    </div>
  </body>,
  "container": <div>
    <h1
      class="sc-hKwCoD gjxRVc"
    >
      Você receberá:
    </h1>
    <hr
      class="sc-bdvvaa gnjgvW"
    />
    <hr
      class="sc-gsDJrp JzKSc"
    />
    <p
      class="sc-jRQAMF jcTbXm"
      data-testid="result-row"
    >
      <span>
        Amanhã
        :
      </span>
       
      <br />
      <em
        class="sc-gKckTs gRhrMD"
      >
        R$ 3.000,00
      </em>
    </p>
    <p
      class="sc-jRQAMF jcTbXm"
      data-testid="result-row"
    >
      <span>
        Em 15 dias
        :
      </span>
       
      <br />
      <em
        class="sc-gKckTs gRhrMD"
      >
        R$ 3.050,00
      </em>
    </p>
    <p
      class="sc-jRQAMF jcTbXm"
      data-testid="result-row"
    >
      <span>
        Em 30 dias
        :
      </span>
       
      <br />
      <em
        class="sc-gKckTs gRhrMD"
      >
        R$ 4.000,00
      </em>
    </p>
    <p
      class="sc-jRQAMF jcTbXm"
      data-testid="result-row"
    >
      <span>
        Em 90 dias
        :
      </span>
       
      <br />
      <em
        class="sc-gKckTs gRhrMD"
      >
        R$ 5.000,00
      </em>
    </p>
  </div>,
  "debug": [Function],
  "findAllByAltText": [Function],
  "findAllByDisplayValue": [Function],
  "findAllByLabelText": [Function],
  "findAllByPlaceholderText": [Function],
  "findAllByRole": [Function],
  "findAllByTestId": [Function],
  "findAllByText": [Function],
  "findAllByTitle": [Function],
  "findByAltText": [Function],
  "findByDisplayValue": [Function],
  "findByLabelText": [Function],
  "findByPlaceholderText": [Function],
  "findByRole": [Function],
  "findByTestId": [Function],
  "findByText": [Function],
  "findByTitle": [Function],
  "getAllByAltText": [Function],
  "getAllByDisplayValue": [Function],
  "getAllByLabelText": [Function],
  "getAllByPlaceholderText": [Function],
  "getAllByRole": [Function],
  "getAllByTestId": [Function],
  "getAllByText": [Function],
  "getAllByTitle": [Function],
  "getByAltText": [Function],
  "getByDisplayValue": [Function],
  "getByLabelText": [Function],
  "getByPlaceholderText": [Function],
  "getByRole": [Function],
  "getByTestId": [Function],
  "getByText": [Function],
  "getByTitle": [Function],
  "queryAllByAltText": [Function],
  "queryAllByDisplayValue": [Function],
  "queryAllByLabelText": [Function],
  "queryAllByPlaceholderText": [Function],
  "queryAllByRole": [Function],
  "queryAllByTestId": [Function],
  "queryAllByText": [Function],
  "queryAllByTitle": [Function],
  "queryByAltText": [Function],
  "queryByDisplayValue": [Function],
  "queryByLabelText": [Function],
  "queryByPlaceholderText": [Function],
  "queryByRole": [Function],
  "queryByTestId": [Function],
  "queryByText": [Function],
  "queryByTitle": [Function],
  "rerender": [Function],
  "unmount": [Function],
}
`;
