// Jest Snapshot v1, https://goo.gl/fbAQLP

exports[`<CalculatorForm /> Should match snapshot 1`] = `
Object {
  "asFragment": [Function],
  "baseElement": <body>
    <div>
      <form
        class="sc-gsDJrp"
      >
        <label
          class="sc-eCImvq iMeBec"
          for="Informe o valor da renda field"
        >
          Informe o valor da renda
           
          *
        </label>
        <input
          class="sc-hKwCoD fWjqww"
          data-testid="input-field"
          id="Informe o valor da renda field"
          required=""
          type="text"
          value="R$ 1.000,00"
        />
        <hr
          class="sc-dkPtyc icWbJV"
        />
        <label
          class="sc-eCImvq iMeBec"
          for="Em quantas parcelas field"
        >
          Em quantas parcelas
           
          *
        </label>
        <input
          class="sc-hKwCoD fWjqww"
          data-testid="input-field"
          id="Em quantas parcelas field"
          max="12"
          min="1"
          required=""
          type="number"
          value="12"
        />
        <div
          class="sc-jRQAMF VyLUY"
        >
          Máximo de 12 parcelas
        </div>
        <hr
          class="sc-dkPtyc icWbJV"
        />
        <label
          class="sc-eCImvq iMeBec"
          for="Informe o percentual de MDR field"
        >
          Informe o percentual de MDR
           
          *
        </label>
        <input
          class="sc-hKwCoD fWjqww"
          data-testid="input-field"
          id="Informe o percentual de MDR field"
          min="0"
          required=""
          type="number"
          value="1"
        />
        <hr
          class="sc-dkPtyc icWbJV"
        />
        <button
          class="sc-bdvvaa ihLWWn"
        >
          Consultar
        </button>
      </form>
    </div>
  </body>,
  "container": <div>
    <form
      class="sc-gsDJrp"
    >
      <label
        class="sc-eCImvq iMeBec"
        for="Informe o valor da renda field"
      >
        Informe o valor da renda
         
        *
      </label>
      <input
        class="sc-hKwCoD fWjqww"
        data-testid="input-field"
        id="Informe o valor da renda field"
        required=""
        type="text"
        value="R$ 1.000,00"
      />
      <hr
        class="sc-dkPtyc icWbJV"
      />
      <label
        class="sc-eCImvq iMeBec"
        for="Em quantas parcelas field"
      >
        Em quantas parcelas
         
        *
      </label>
      <input
        class="sc-hKwCoD fWjqww"
        data-testid="input-field"
        id="Em quantas parcelas field"
        max="12"
        min="1"
        required=""
        type="number"
        value="12"
      />
      <div
        class="sc-jRQAMF VyLUY"
      >
        Máximo de 12 parcelas
      </div>
      <hr
        class="sc-dkPtyc icWbJV"
      />
      <label
        class="sc-eCImvq iMeBec"
        for="Informe o percentual de MDR field"
      >
        Informe o percentual de MDR
         
        *
      </label>
      <input
        class="sc-hKwCoD fWjqww"
        data-testid="input-field"
        id="Informe o percentual de MDR field"
        min="0"
        required=""
        type="number"
        value="1"
      />
      <hr
        class="sc-dkPtyc icWbJV"
      />
      <button
        class="sc-bdvvaa ihLWWn"
      >
        Consultar
      </button>
    </form>
  </div>,
  "debug": [Function],
  "findAllByAltText": [Function],
  "findAllByDisplayValue": [Function],
  "findAllByLabelText": [Function],
  "findAllByPlaceholderText": [Function],
  "findAllByRole": [Function],
  "findAllByTestId": [Function],
  "findAllByText": [Function],
  "findAllByTitle": [Function],
  "findByAltText": [Function],
  "findByDisplayValue": [Function],
  "findByLabelText": [Function],
  "findByPlaceholderText": [Function],
  "findByRole": [Function],
  "findByTestId": [Function],
  "findByText": [Function],
  "findByTitle": [Function],
  "getAllByAltText": [Function],
  "getAllByDisplayValue": [Function],
  "getAllByLabelText": [Function],
  "getAllByPlaceholderText": [Function],
  "getAllByRole": [Function],
  "getAllByTestId": [Function],
  "getAllByText": [Function],
  "getAllByTitle": [Function],
  "getByAltText": [Function],
  "getByDisplayValue": [Function],
  "getByLabelText": [Function],
  "getByPlaceholderText": [Function],
  "getByRole": [Function],
  "getByTestId": [Function],
  "getByText": [Function],
  "getByTitle": [Function],
  "queryAllByAltText": [Function],
  "queryAllByDisplayValue": [Function],
  "queryAllByLabelText": [Function],
  "queryAllByPlaceholderText": [Function],
  "queryAllByRole": [Function],
  "queryAllByTestId": [Function],
  "queryAllByText": [Function],
  "queryAllByTitle": [Function],
  "queryByAltText": [Function],
  "queryByDisplayValue": [Function],
  "queryByLabelText": [Function],
  "queryByPlaceholderText": [Function],
  "queryByRole": [Function],
  "queryByTestId": [Function],
  "queryByText": [Function],
  "queryByTitle": [Function],
  "rerender": [Function],
  "unmount": [Function],
}
`;
